test	Set up job	ï»¿2025-10-07T15:49:20.2331768Z Current runner version: '2.328.0'
test	Set up job	2025-10-07T15:49:20.2356629Z ##[group]Runner Image Provisioner
test	Set up job	2025-10-07T15:49:20.2357519Z Hosted Compute Agent
test	Set up job	2025-10-07T15:49:20.2358044Z Version: 20250912.392
test	Set up job	2025-10-07T15:49:20.2358696Z Commit: d921fda672a98b64f4f82364647e2f10b2267d0b
test	Set up job	2025-10-07T15:49:20.2359383Z Build Date: 2025-09-12T15:23:14Z
test	Set up job	2025-10-07T15:49:20.2359991Z ##[endgroup]
test	Set up job	2025-10-07T15:49:20.2360501Z ##[group]Operating System
test	Set up job	2025-10-07T15:49:20.2361184Z Ubuntu
test	Set up job	2025-10-07T15:49:20.2361672Z 24.04.3
test	Set up job	2025-10-07T15:49:20.2362089Z LTS
test	Set up job	2025-10-07T15:49:20.2362623Z ##[endgroup]
test	Set up job	2025-10-07T15:49:20.2363085Z ##[group]Runner Image
test	Set up job	2025-10-07T15:49:20.2363653Z Image: ubuntu-24.04
test	Set up job	2025-10-07T15:49:20.2364202Z Version: 20250929.60.1
test	Set up job	2025-10-07T15:49:20.2365648Z Included Software: https://github.com/actions/runner-images/blob/ubuntu24/20250929.60/images/ubuntu/Ubuntu2404-Readme.md
test	Set up job	2025-10-07T15:49:20.2366990Z Image Release: https://github.com/actions/runner-images/releases/tag/ubuntu24%2F20250929.60
test	Set up job	2025-10-07T15:49:20.2368188Z ##[endgroup]
test	Set up job	2025-10-07T15:49:20.2369298Z ##[group]GITHUB_TOKEN Permissions
test	Set up job	2025-10-07T15:49:20.2371090Z Contents: read
test	Set up job	2025-10-07T15:49:20.2371664Z Metadata: read
test	Set up job	2025-10-07T15:49:20.2372207Z Packages: read
test	Set up job	2025-10-07T15:49:20.2372735Z ##[endgroup]
test	Set up job	2025-10-07T15:49:20.2375259Z Secret source: Actions
test	Set up job	2025-10-07T15:49:20.2376030Z Prepare workflow directory
test	Set up job	2025-10-07T15:49:20.2697976Z Prepare all required actions
test	Set up job	2025-10-07T15:49:20.2736896Z Getting action download info
test	Set up job	2025-10-07T15:49:20.7625487Z Download action repository 'actions/checkout@v4' (SHA:08eba0b27e820071cde6df949e0beb9ba4906955)
test	Set up job	2025-10-07T15:49:20.9517417Z Download action repository 'oven-sh/setup-bun@v1' (SHA:f4d14e03ff726c06358e5557344e1da148b56cf7)
test	Set up job	2025-10-07T15:49:21.5545977Z Complete job name: test
test	Checkout code	ï»¿2025-10-07T15:49:21.6346140Z ##[group]Run actions/checkout@v4
test	Checkout code	2025-10-07T15:49:21.6347561Z with:
test	Checkout code	2025-10-07T15:49:21.6348471Z   repository: nate-schmidt/product-catalog-ui
test	Checkout code	2025-10-07T15:49:21.6349942Z   token: ***
test	Checkout code	2025-10-07T15:49:21.6350770Z   ssh-strict: true
test	Checkout code	2025-10-07T15:49:21.6351598Z   ssh-user: git
test	Checkout code	2025-10-07T15:49:21.6352460Z   persist-credentials: true
test	Checkout code	2025-10-07T15:49:21.6353396Z   clean: true
test	Checkout code	2025-10-07T15:49:21.6354247Z   sparse-checkout-cone-mode: true
test	Checkout code	2025-10-07T15:49:21.6355437Z   fetch-depth: 1
test	Checkout code	2025-10-07T15:49:21.6356256Z   fetch-tags: false
test	Checkout code	2025-10-07T15:49:21.6357122Z   show-progress: true
test	Checkout code	2025-10-07T15:49:21.6357999Z   lfs: false
test	Checkout code	2025-10-07T15:49:21.6358783Z   submodules: false
test	Checkout code	2025-10-07T15:49:21.6359637Z   set-safe-directory: true
test	Checkout code	2025-10-07T15:49:21.6360829Z ##[endgroup]
test	Checkout code	2025-10-07T15:49:21.7449041Z Syncing repository: nate-schmidt/product-catalog-ui
test	Checkout code	2025-10-07T15:49:21.7451870Z ##[group]Getting Git version info
test	Checkout code	2025-10-07T15:49:21.7454407Z Working directory is '/home/runner/work/product-catalog-ui/product-catalog-ui'
test	Checkout code	2025-10-07T15:49:21.7458195Z [command]/usr/bin/git version
test	Checkout code	2025-10-07T15:49:21.7514307Z git version 2.51.0
test	Checkout code	2025-10-07T15:49:21.7540088Z ##[endgroup]
test	Checkout code	2025-10-07T15:49:21.7554022Z Temporarily overriding HOME='/home/runner/work/_temp/ce91ce44-ad6e-441c-81e5-7673e526c012' before making global git config changes
test	Checkout code	2025-10-07T15:49:21.7557095Z Adding repository directory to the temporary git global config as a safe directory
test	Checkout code	2025-10-07T15:49:21.7560197Z [command]/usr/bin/git config --global --add safe.directory /home/runner/work/product-catalog-ui/product-catalog-ui
test	Checkout code	2025-10-07T15:49:21.7595405Z Deleting the contents of '/home/runner/work/product-catalog-ui/product-catalog-ui'
test	Checkout code	2025-10-07T15:49:21.7598835Z ##[group]Initializing the repository
test	Checkout code	2025-10-07T15:49:21.7602854Z [command]/usr/bin/git init /home/runner/work/product-catalog-ui/product-catalog-ui
test	Checkout code	2025-10-07T15:49:21.7706152Z hint: Using 'master' as the name for the initial branch. This default branch name
test	Checkout code	2025-10-07T15:49:21.7708248Z hint: is subject to change. To configure the initial branch name to use in all
test	Checkout code	2025-10-07T15:49:21.7710752Z hint: of your new repositories, which will suppress this warning, call:
test	Checkout code	2025-10-07T15:49:21.7712192Z hint:
test	Checkout code	2025-10-07T15:49:21.7713450Z hint: 	git config --global init.defaultBranch <name>
test	Checkout code	2025-10-07T15:49:21.7715439Z hint:
test	Checkout code	2025-10-07T15:49:21.7716665Z hint: Names commonly chosen instead of 'master' are 'main', 'trunk' and
test	Checkout code	2025-10-07T15:49:21.7718544Z hint: 'development'. The just-created branch can be renamed via this command:
test	Checkout code	2025-10-07T15:49:21.7720173Z hint:
test	Checkout code	2025-10-07T15:49:21.7721387Z hint: 	git branch -m <name>
test	Checkout code	2025-10-07T15:49:21.7722963Z hint:
test	Checkout code	2025-10-07T15:49:21.7725160Z hint: Disable this message with "git config set advice.defaultBranchName false"
test	Checkout code	2025-10-07T15:49:21.7728636Z Initialized empty Git repository in /home/runner/work/product-catalog-ui/product-catalog-ui/.git/
test	Checkout code	2025-10-07T15:49:21.7732298Z [command]/usr/bin/git remote add origin https://github.com/nate-schmidt/product-catalog-ui
test	Checkout code	2025-10-07T15:49:21.7763515Z ##[endgroup]
test	Checkout code	2025-10-07T15:49:21.7766156Z ##[group]Disabling automatic garbage collection
test	Checkout code	2025-10-07T15:49:21.7768268Z [command]/usr/bin/git config --local gc.auto 0
test	Checkout code	2025-10-07T15:49:21.7794103Z ##[endgroup]
test	Checkout code	2025-10-07T15:49:21.7796686Z ##[group]Setting up auth
test	Checkout code	2025-10-07T15:49:21.7801749Z [command]/usr/bin/git config --local --name-only --get-regexp core\.sshCommand
test	Checkout code	2025-10-07T15:49:21.7834148Z [command]/usr/bin/git submodule foreach --recursive sh -c "git config --local --name-only --get-regexp 'core\.sshCommand' && git config --local --unset-all 'core.sshCommand' || :"
test	Checkout code	2025-10-07T15:49:21.8156402Z [command]/usr/bin/git config --local --name-only --get-regexp http\.https\:\/\/github\.com\/\.extraheader
test	Checkout code	2025-10-07T15:49:21.8189512Z [command]/usr/bin/git submodule foreach --recursive sh -c "git config --local --name-only --get-regexp 'http\.https\:\/\/github\.com\/\.extraheader' && git config --local --unset-all 'http.https://github.com/.extraheader' || :"
test	Checkout code	2025-10-07T15:49:21.8412136Z [command]/usr/bin/git config --local http.https://github.com/.extraheader AUTHORIZATION: basic ***
test	Checkout code	2025-10-07T15:49:21.8456868Z ##[endgroup]
test	Checkout code	2025-10-07T15:49:21.8465433Z ##[group]Fetching the repository
test	Checkout code	2025-10-07T15:49:21.8468821Z [command]/usr/bin/git -c protocol.version=2 fetch --no-tags --prune --no-recurse-submodules --depth=1 origin +472d9034909b4081e8b6b6dfeba84c4239fd96fd:refs/remotes/pull/53/merge
test	Checkout code	2025-10-07T15:49:22.2820171Z From https://github.com/nate-schmidt/product-catalog-ui
test	Checkout code	2025-10-07T15:49:22.2822024Z  * [new ref]         472d9034909b4081e8b6b6dfeba84c4239fd96fd -> pull/53/merge
test	Checkout code	2025-10-07T15:49:22.2852804Z ##[endgroup]
test	Checkout code	2025-10-07T15:49:22.2854524Z ##[group]Determining the checkout info
test	Checkout code	2025-10-07T15:49:22.2856552Z ##[endgroup]
test	Checkout code	2025-10-07T15:49:22.2860044Z [command]/usr/bin/git sparse-checkout disable
test	Checkout code	2025-10-07T15:49:22.2901193Z [command]/usr/bin/git config --local --unset-all extensions.worktreeConfig
test	Checkout code	2025-10-07T15:49:22.2930406Z ##[group]Checking out the ref
test	Checkout code	2025-10-07T15:49:22.2933377Z [command]/usr/bin/git checkout --progress --force refs/remotes/pull/53/merge
test	Checkout code	2025-10-07T15:49:22.3005855Z Note: switching to 'refs/remotes/pull/53/merge'.
test	Checkout code	2025-10-07T15:49:22.3006763Z 
test	Checkout code	2025-10-07T15:49:22.3007477Z You are in 'detached HEAD' state. You can look around, make experimental
test	Checkout code	2025-10-07T15:49:22.3009269Z changes and commit them, and you can discard any commits you make in this
test	Checkout code	2025-10-07T15:49:22.3011626Z state without impacting any branches by switching back to a branch.
test	Checkout code	2025-10-07T15:49:22.3013412Z 
test	Checkout code	2025-10-07T15:49:22.3014561Z If you want to create a new branch to retain commits you create, you may
test	Checkout code	2025-10-07T15:49:22.3017522Z do so (now or later) by using -c with the switch command. Example:
test	Checkout code	2025-10-07T15:49:22.3019119Z 
test	Checkout code	2025-10-07T15:49:22.3019781Z   git switch -c <new-branch-name>
test	Checkout code	2025-10-07T15:49:22.3020920Z 
test	Checkout code	2025-10-07T15:49:22.3021506Z Or undo this operation with:
test	Checkout code	2025-10-07T15:49:22.3022465Z 
test	Checkout code	2025-10-07T15:49:22.3022969Z   git switch -
test	Checkout code	2025-10-07T15:49:22.3023701Z 
test	Checkout code	2025-10-07T15:49:22.3025070Z Turn off this advice by setting config variable advice.detachedHead to false
test	Checkout code	2025-10-07T15:49:22.3026502Z 
test	Checkout code	2025-10-07T15:49:22.3027733Z HEAD is now at 472d903 Merge 0d66ac463b110aa8b8c9d742b613b9ece9f40be6 into 7c4f6c2c21537570290e0f06c23190eb73f0efd9
test	Checkout code	2025-10-07T15:49:22.3032391Z ##[endgroup]
test	Checkout code	2025-10-07T15:49:22.3051738Z [command]/usr/bin/git log -1 --format=%H
test	Checkout code	2025-10-07T15:49:22.3073112Z 472d9034909b4081e8b6b6dfeba84c4239fd96fd
test	Setup Bun	ï»¿2025-10-07T15:49:22.3357229Z ##[group]Run oven-sh/setup-bun@v1
test	Setup Bun	2025-10-07T15:49:22.3358226Z with:
test	Setup Bun	2025-10-07T15:49:22.3358914Z   bun-version: latest
test	Setup Bun	2025-10-07T15:49:22.3359711Z   no-cache: false
test	Setup Bun	2025-10-07T15:49:22.3360445Z ##[endgroup]
test	Setup Bun	2025-10-07T15:49:22.4484023Z Downloading a new version of Bun: https://bun.sh/download/latest/linux/x64?avx2=true&profile=false
test	Setup Bun	2025-10-07T15:49:23.1661519Z [command]/usr/bin/unzip -o -q /home/runner/work/_temp/d0610914-185d-400c-b13e-b05349c82333
test	Setup Bun	2025-10-07T15:49:23.9441736Z [command]/home/runner/.bun/bin/bun --revision
test	Setup Bun	2025-10-07T15:49:23.9478550Z 1.2.23+cf1367137
test	Install dependencies	ï»¿2025-10-07T15:49:23.9606013Z ##[group]Run bun install
test	Install dependencies	2025-10-07T15:49:23.9606480Z [36;1mbun install[0m
test	Install dependencies	2025-10-07T15:49:23.9645561Z shell: /usr/bin/bash -e {0}
test	Install dependencies	2025-10-07T15:49:23.9645868Z ##[endgroup]
test	Install dependencies	2025-10-07T15:49:23.9743218Z bun install v1.2.23 (cf136713)
test	Install dependencies	2025-10-07T15:49:24.3848767Z 
test	Install dependencies	2025-10-07T15:49:24.3849295Z + @testing-library/jest-dom@6.6.3
test	Install dependencies	2025-10-07T15:49:24.3849859Z + @testing-library/react@16.3.0
test	Install dependencies	2025-10-07T15:49:24.3850339Z + @testing-library/user-event@14.6.1
test	Install dependencies	2025-10-07T15:49:24.3850806Z + @types/bun@1.2.18
test	Install dependencies	2025-10-07T15:49:24.3851192Z + @types/react@19.1.8
test	Install dependencies	2025-10-07T15:49:24.3851585Z + @types/react-dom@19.1.6
test	Install dependencies	2025-10-07T15:49:24.3851979Z + happy-dom@18.0.1
test	Install dependencies	2025-10-07T15:49:24.3852315Z + bun-plugin-tailwind@0.0.14
test	Install dependencies	2025-10-07T15:49:24.3852602Z + react@19.1.0
test	Install dependencies	2025-10-07T15:49:24.3852841Z + react-dom@19.1.0
test	Install dependencies	2025-10-07T15:49:24.3853073Z + tailwindcss@4.1.11
test	Install dependencies	2025-10-07T15:49:24.3853219Z 
test	Install dependencies	2025-10-07T15:49:24.3853332Z 53 packages installed [411.00ms]
test	Run tests	ï»¿2025-10-07T15:49:24.3997801Z ##[group]Run bun test
test	Run tests	2025-10-07T15:49:24.3998112Z [36;1mbun test[0m
test	Run tests	2025-10-07T15:49:24.4032390Z shell: /usr/bin/bash -e {0}
test	Run tests	2025-10-07T15:49:24.4032650Z ##[endgroup]
test	Run tests	2025-10-07T15:49:24.4100721Z bun test v1.2.23 (cf136713)
test	Run tests	2025-10-07T15:49:24.4140302Z 
test	Run tests	2025-10-07T15:49:24.4141027Z ##[group]src/App.test.tsx:
test	Run tests	2025-10-07T15:49:24.6601868Z 
test	Run tests	2025-10-07T15:49:24.6602802Z # Unhandled error between tests
test	Run tests	2025-10-07T15:49:24.6603336Z -------------------------------
test	Run tests	2025-10-07T15:49:24.6603611Z 
test	Run tests	2025-10-07T15:49:24.6639687Z ##[error]
test	Run tests	      at loadAndEvaluateModule (1:11)
test	Run tests	      at link (1:11)
test	Run tests	      at linkAndEvaluateModule (1:11)
test	Run tests	      at loadAndEvaluateModule (2:1)
test	Run tests	      at processTicksAndRejections (7:39)
test	Run tests	2025-10-07T15:49:24.6647140Z 1 | (function (entry, fetcher)
test	Run tests	2025-10-07T15:49:24.6647413Z               ^
test	Run tests	2025-10-07T15:49:24.6648060Z SyntaxError: Export named 'ProductService' not found in module '/home/runner/work/product-catalog-ui/product-catalog-ui/src/services/ProductService.ts'.
test	Run tests	2025-10-07T15:49:24.6648775Z       at loadAndEvaluateModule (1:11)
test	Run tests	2025-10-07T15:49:24.6649045Z       at link (1:11)
test	Run tests	2025-10-07T15:49:24.6649258Z       at linkAndEvaluateModule (1:11)
test	Run tests	2025-10-07T15:49:24.6649517Z       at loadAndEvaluateModule (2:1)
test	Run tests	2025-10-07T15:49:24.6649794Z       at processTicksAndRejections (7:39)
test	Run tests	2025-10-07T15:49:24.6650048Z -------------------------------
test	Run tests	2025-10-07T15:49:24.6650208Z 
test	Run tests	2025-10-07T15:49:24.6650219Z 
test	Run tests	2025-10-07T15:49:24.6650561Z ##[group]src/utils/money.test.ts:
test	Run tests	2025-10-07T15:49:24.6650854Z (pass) formatMoney > formats USD correctly [1.00ms]
test	Run tests	2025-10-07T15:49:24.6651165Z (pass) formatMoney > formats EUR correctly
test	Run tests	2025-10-07T15:49:24.6651443Z (pass) formatMoney > handles zero
test	Run tests	2025-10-07T15:49:24.6651741Z (pass) formatMoney > pads cents correctly
test	Run tests	2025-10-07T15:49:24.6652014Z (pass) formatMoney > defaults to USD
test	Run tests	2025-10-07T15:49:24.6652177Z 
test	Run tests	2025-10-07T15:49:24.6652400Z ##[endgroup]
test	Run tests	2025-10-07T15:49:24.6652507Z 
test	Run tests	2025-10-07T15:49:24.6652731Z ##[group]src/cart/cartReducer.test.ts:
test	Run tests	2025-10-07T15:49:24.6668185Z (pass) cartReducer > adds new item to cart [5.00ms]
test	Run tests	2025-10-07T15:49:24.6669033Z (pass) cartReducer > increments quantity when adding existing item
test	Run tests	2025-10-07T15:49:24.6669899Z (pass) cartReducer > handles variants separately
test	Run tests	2025-10-07T15:49:24.6670696Z (pass) cartReducer > removes item from cart
test	Run tests	2025-10-07T15:49:24.6671423Z (pass) cartReducer > sets quantity directly
test	Run tests	2025-10-07T15:49:24.6672138Z (pass) cartReducer > removes item when quantity set to 0
test	Run tests	2025-10-07T15:49:24.6672921Z (pass) cartReducer > clears all items
test	Run tests	2025-10-07T15:49:24.6673738Z (pass) getCartTotals > calculates subtotal correctly
test	Run tests	2025-10-07T15:49:24.6675376Z (pass) getCartTotals > returns zero for empty cart
test	Run tests	2025-10-07T15:49:24.6675609Z 
test	Run tests	2025-10-07T15:49:24.6675907Z ##[endgroup]
test	Run tests	2025-10-07T15:49:24.6676021Z 
test	Run tests	2025-10-07T15:49:24.6676099Z  14 pass
test	Run tests	2025-10-07T15:49:24.6676267Z  1 fail
test	Run tests	2025-10-07T15:49:24.6676428Z  1 error
test	Run tests	2025-10-07T15:49:24.6676598Z  28 expect() calls
test	Run tests	2025-10-07T15:49:24.6676800Z Ran 15 tests across 3 files. [257.00ms]
test	Run tests	2025-10-07T15:49:24.6753915Z ##[error]Process completed with exit code 1.
test	Post Checkout code	ï»¿2025-10-07T15:49:24.6917515Z Post job cleanup.
test	Post Checkout code	2025-10-07T15:49:24.7838932Z [command]/usr/bin/git version
test	Post Checkout code	2025-10-07T15:49:24.7874159Z git version 2.51.0
test	Post Checkout code	2025-10-07T15:49:24.7922763Z Temporarily overriding HOME='/home/runner/work/_temp/dfbb96f5-3695-4cc2-ba13-9da2f5e26654' before making global git config changes
test	Post Checkout code	2025-10-07T15:49:24.7923731Z Adding repository directory to the temporary git global config as a safe directory
test	Post Checkout code	2025-10-07T15:49:24.7927999Z [command]/usr/bin/git config --global --add safe.directory /home/runner/work/product-catalog-ui/product-catalog-ui
test	Post Checkout code	2025-10-07T15:49:24.7962250Z [command]/usr/bin/git config --local --name-only --get-regexp core\.sshCommand
test	Post Checkout code	2025-10-07T15:49:24.7994536Z [command]/usr/bin/git submodule foreach --recursive sh -c "git config --local --name-only --get-regexp 'core\.sshCommand' && git config --local --unset-all 'core.sshCommand' || :"
test	Post Checkout code	2025-10-07T15:49:24.8218853Z [command]/usr/bin/git config --local --name-only --get-regexp http\.https\:\/\/github\.com\/\.extraheader
test	Post Checkout code	2025-10-07T15:49:24.8241441Z http.https://github.com/.extraheader
test	Post Checkout code	2025-10-07T15:49:24.8253890Z [command]/usr/bin/git config --local --unset-all http.https://github.com/.extraheader
test	Post Checkout code	2025-10-07T15:49:24.8283173Z [command]/usr/bin/git submodule foreach --recursive sh -c "git config --local --name-only --get-regexp 'http\.https\:\/\/github\.com\/\.extraheader' && git config --local --unset-all 'http.https://github.com/.extraheader' || :"
test	Complete job	ï»¿2025-10-07T15:49:24.8601955Z Cleaning up orphan processes
